Archive member included because of file (symbol)

d:/e_s_diploma/5_interfacing/2_embedded_c/4_software/1_ide/sdk_win_64/sdk_win_64/winavr/bin/../lib/gcc/avr/4.3.3/avr5\libgcc.a(_udivmodqi4.o)
                              ./MCAL/DIO/DIO_Prog.o (__udivmodqi4)
d:/e_s_diploma/5_interfacing/2_embedded_c/4_software/1_ide/sdk_win_64/sdk_win_64/winavr/bin/../lib/gcc/avr/4.3.3/avr5\libgcc.a(_exit.o)
                              d:/e_s_diploma/5_interfacing/2_embedded_c/4_software/1_ide/sdk_win_64/sdk_win_64/winavr/bin/../lib/gcc/avr/4.3.3/../../../../avr/lib/avr5/crtm32.o (exit)

Memory Configuration

Name             Origin             Length             Attributes
text             0x00000000         0x00020000         xr
data             0x00800060         0x0000ffa0         rw !x
eeprom           0x00810000         0x00010000         rw !x
fuse             0x00820000         0x00000400         rw !x
lock             0x00830000         0x00000400         rw !x
signature        0x00840000         0x00000400         rw !x
*default*        0x00000000         0xffffffff

Linker script and memory map

LOAD d:/e_s_diploma/5_interfacing/2_embedded_c/4_software/1_ide/sdk_win_64/sdk_win_64/winavr/bin/../lib/gcc/avr/4.3.3/../../../../avr/lib/avr5/crtm32.o
LOAD ./MCAL/WDT/WDT_Prog.o
LOAD ./MCAL/UART/UART_Prog.o
LOAD ./MCAL/Timer/Timer_Prog.o
LOAD ./MCAL/I2C/I2C_Prog.o
LOAD ./MCAL/GIE/GIE_Prog.o
LOAD ./MCAL/EXINT/EXINT_Prog.o
LOAD ./MCAL/DIO/DIO_Prog.o
LOAD ./MCAL/ADC/ADC_Prog.o
LOAD ./HAL/SSD/SSD_Prog.o
LOAD ./HAL/Relay/Relay_Prog.o
LOAD ./HAL/PushButton/PushButton_Prog.o
LOAD ./HAL/LED/LED_Prog.o
LOAD ./HAL/LDR/LDR_Prog.o
LOAD ./HAL/LCD/LCD_Prog.o
LOAD ./HAL/Keypad/Keypad_Prog.o
LOAD ./HAL/Buzzer/Buzzer_Prog.o
LOAD ./APP/Projects/Projects_Prog.o
LOAD d:/e_s_diploma/5_interfacing/2_embedded_c/4_software/1_ide/sdk_win_64/sdk_win_64/winavr/bin/../lib/gcc/avr/4.3.3/avr5\libgcc.a
LOAD d:/e_s_diploma/5_interfacing/2_embedded_c/4_software/1_ide/sdk_win_64/sdk_win_64/winavr/bin/../lib/gcc/avr/4.3.3/../../../../avr/lib/avr5\libc.a
LOAD d:/e_s_diploma/5_interfacing/2_embedded_c/4_software/1_ide/sdk_win_64/sdk_win_64/winavr/bin/../lib/gcc/avr/4.3.3/avr5\libgcc.a

.hash
 *(.hash)

.dynsym
 *(.dynsym)

.dynstr
 *(.dynstr)

.gnu.version
 *(.gnu.version)

.gnu.version_d
 *(.gnu.version_d)

.gnu.version_r
 *(.gnu.version_r)

.rel.init
 *(.rel.init)

.rela.init
 *(.rela.init)

.rel.text
 *(.rel.text)
 *(.rel.text.*)
 *(.rel.gnu.linkonce.t*)

.rela.text
 *(.rela.text)
 *(.rela.text.*)
 *(.rela.gnu.linkonce.t*)

.rel.fini
 *(.rel.fini)

.rela.fini
 *(.rela.fini)

.rel.rodata
 *(.rel.rodata)
 *(.rel.rodata.*)
 *(.rel.gnu.linkonce.r*)

.rela.rodata
 *(.rela.rodata)
 *(.rela.rodata.*)
 *(.rela.gnu.linkonce.r*)

.rel.data
 *(.rel.data)
 *(.rel.data.*)
 *(.rel.gnu.linkonce.d*)

.rela.data
 *(.rela.data)
 *(.rela.data.*)
 *(.rela.gnu.linkonce.d*)

.rel.ctors
 *(.rel.ctors)

.rela.ctors
 *(.rela.ctors)

.rel.dtors
 *(.rel.dtors)

.rela.dtors
 *(.rela.dtors)

.rel.got
 *(.rel.got)

.rela.got
 *(.rela.got)

.rel.bss
 *(.rel.bss)

.rela.bss
 *(.rela.bss)

.rel.plt
 *(.rel.plt)

.rela.plt
 *(.rela.plt)

.text           0x00000000      0x6ba
 *(.vectors)
 .vectors       0x00000000       0x54 d:/e_s_diploma/5_interfacing/2_embedded_c/4_software/1_ide/sdk_win_64/sdk_win_64/winavr/bin/../lib/gcc/avr/4.3.3/../../../../avr/lib/avr5/crtm32.o
                0x00000000                __vectors
                0x00000000                __vector_default
 *(.vectors)
 *(.progmem.gcc*)
 *(.progmem*)
                0x00000054                . = ALIGN (0x2)
                0x00000054                __trampolines_start = .
 *(.trampolines)
 .trampolines   0x00000054        0x0 linker stubs
 *(.trampolines*)
                0x00000054                __trampolines_end = .
 *(.jumptables)
 *(.jumptables*)
 *(.lowtext)
 *(.lowtext*)
                0x00000054                __ctors_start = .
 *(.ctors)
                0x00000054                __ctors_end = .
                0x00000054                __dtors_start = .
 *(.dtors)
                0x00000054                __dtors_end = .
 SORT(*)(.ctors)
 SORT(*)(.dtors)
 *(.init0)
 .init0         0x00000054        0x0 d:/e_s_diploma/5_interfacing/2_embedded_c/4_software/1_ide/sdk_win_64/sdk_win_64/winavr/bin/../lib/gcc/avr/4.3.3/../../../../avr/lib/avr5/crtm32.o
                0x00000054                __init
 *(.init0)
 *(.init1)
 *(.init1)
 *(.init2)
 .init2         0x00000054        0xc d:/e_s_diploma/5_interfacing/2_embedded_c/4_software/1_ide/sdk_win_64/sdk_win_64/winavr/bin/../lib/gcc/avr/4.3.3/../../../../avr/lib/avr5/crtm32.o
 *(.init2)
 *(.init3)
 *(.init3)
 *(.init4)
 *(.init4)
 *(.init5)
 *(.init5)
 *(.init6)
 *(.init6)
 *(.init7)
 *(.init7)
 *(.init8)
 *(.init8)
 *(.init9)
 .init9         0x00000060        0x8 d:/e_s_diploma/5_interfacing/2_embedded_c/4_software/1_ide/sdk_win_64/sdk_win_64/winavr/bin/../lib/gcc/avr/4.3.3/../../../../avr/lib/avr5/crtm32.o
 *(.init9)
 *(.text)
 .text          0x00000068        0x4 d:/e_s_diploma/5_interfacing/2_embedded_c/4_software/1_ide/sdk_win_64/sdk_win_64/winavr/bin/../lib/gcc/avr/4.3.3/../../../../avr/lib/avr5/crtm32.o
                0x00000068                __vector_1
                0x00000068                __vector_12
                0x00000068                __bad_interrupt
                0x00000068                __vector_6
                0x00000068                __vector_3
                0x00000068                __vector_11
                0x00000068                __vector_13
                0x00000068                __vector_17
                0x00000068                __vector_19
                0x00000068                __vector_7
                0x00000068                __vector_5
                0x00000068                __vector_4
                0x00000068                __vector_9
                0x00000068                __vector_2
                0x00000068                __vector_15
                0x00000068                __vector_8
                0x00000068                __vector_14
                0x00000068                __vector_10
                0x00000068                __vector_16
                0x00000068                __vector_18
                0x00000068                __vector_20
 .text          0x0000006c        0x0 ./MCAL/WDT/WDT_Prog.o
 .text          0x0000006c        0x0 ./MCAL/UART/UART_Prog.o
 .text          0x0000006c        0x0 ./MCAL/Timer/Timer_Prog.o
 .text          0x0000006c        0x0 ./MCAL/I2C/I2C_Prog.o
 .text          0x0000006c        0x0 ./MCAL/GIE/GIE_Prog.o
 .text          0x0000006c        0x0 ./MCAL/EXINT/EXINT_Prog.o
 .text          0x0000006c        0x0 ./MCAL/DIO/DIO_Prog.o
 .text          0x0000006c        0x0 ./MCAL/ADC/ADC_Prog.o
 .text          0x0000006c        0x0 ./HAL/SSD/SSD_Prog.o
 .text          0x0000006c        0x0 ./HAL/Relay/Relay_Prog.o
 .text          0x0000006c        0x0 ./HAL/PushButton/PushButton_Prog.o
 .text          0x0000006c        0x0 ./HAL/LED/LED_Prog.o
 .text          0x0000006c        0x0 ./HAL/LDR/LDR_Prog.o
 .text          0x0000006c        0x0 ./HAL/LCD/LCD_Prog.o
 .text          0x0000006c        0x0 ./HAL/Keypad/Keypad_Prog.o
 .text          0x0000006c        0x0 ./HAL/Buzzer/Buzzer_Prog.o
 .text          0x0000006c        0x0 ./APP/Projects/Projects_Prog.o
 .text          0x0000006c        0x0 d:/e_s_diploma/5_interfacing/2_embedded_c/4_software/1_ide/sdk_win_64/sdk_win_64/winavr/bin/../lib/gcc/avr/4.3.3/avr5\libgcc.a(_udivmodqi4.o)
 .text          0x0000006c        0x0 d:/e_s_diploma/5_interfacing/2_embedded_c/4_software/1_ide/sdk_win_64/sdk_win_64/winavr/bin/../lib/gcc/avr/4.3.3/avr5\libgcc.a(_exit.o)
                0x0000006c                . = ALIGN (0x2)
 *(.text.*)
 .text.M_DIO_Void_SetPinDirection
                0x0000006c      0x12a ./MCAL/DIO/DIO_Prog.o
                0x0000006c                M_DIO_Void_SetPinDirection
 .text.M_DIO_Void_SetPinValue
                0x00000196      0x12a ./MCAL/DIO/DIO_Prog.o
                0x00000196                M_DIO_Void_SetPinValue
 .text.M_DIO_Void_GetPinValue
                0x000002c0       0x72 ./MCAL/DIO/DIO_Prog.o
                0x000002c0                M_DIO_Void_GetPinValue
 .text.M_DIO_Void_TogPin
                0x00000332       0x90 ./MCAL/DIO/DIO_Prog.o
                0x00000332                M_DIO_Void_TogPin
 .text.M_DIO_Void_SetPinPullUpRes
                0x000003c2      0x12a ./MCAL/DIO/DIO_Prog.o
                0x000003c2                M_DIO_Void_SetPinPullUpRes
 .text.H_LED_Void_LedTog
                0x000004ec       0x38 ./HAL/LED/LED_Prog.o
                0x000004ec                H_LED_Void_LedTog
 .text.H_LED_Void_LedBlink
                0x00000524       0xb4 ./HAL/LED/LED_Prog.o
                0x00000524                H_LED_Void_LedBlink
 .text.H_LED_Void_LedOff
                0x000005d8       0x40 ./HAL/LED/LED_Prog.o
                0x000005d8                H_LED_Void_LedOff
 .text.H_LED_Void_LedOn
                0x00000618       0x40 ./HAL/LED/LED_Prog.o
                0x00000618                H_LED_Void_LedOn
 .text.H_LED_Void_LedInit
                0x00000658       0x40 ./HAL/LED/LED_Prog.o
                0x00000658                H_LED_Void_LedInit
 .text.main     0x00000698        0x6 ./APP/Projects/Projects_Prog.o
                0x00000698                main
 .text.libgcc   0x0000069e       0x18 d:/e_s_diploma/5_interfacing/2_embedded_c/4_software/1_ide/sdk_win_64/sdk_win_64/winavr/bin/../lib/gcc/avr/4.3.3/avr5\libgcc.a(_udivmodqi4.o)
                0x0000069e                __udivmodqi4
 .text.libgcc   0x000006b6        0x0 d:/e_s_diploma/5_interfacing/2_embedded_c/4_software/1_ide/sdk_win_64/sdk_win_64/winavr/bin/../lib/gcc/avr/4.3.3/avr5\libgcc.a(_exit.o)
                0x000006b6                . = ALIGN (0x2)
 *(.fini9)
 .fini9         0x000006b6        0x0 d:/e_s_diploma/5_interfacing/2_embedded_c/4_software/1_ide/sdk_win_64/sdk_win_64/winavr/bin/../lib/gcc/avr/4.3.3/avr5\libgcc.a(_exit.o)
                0x000006b6                exit
                0x000006b6                _exit
 *(.fini9)
 *(.fini8)
 *(.fini8)
 *(.fini7)
 *(.fini7)
 *(.fini6)
 *(.fini6)
 *(.fini5)
 *(.fini5)
 *(.fini4)
 *(.fini4)
 *(.fini3)
 *(.fini3)
 *(.fini2)
 *(.fini2)
 *(.fini1)
 *(.fini1)
 *(.fini0)
 .fini0         0x000006b6        0x4 d:/e_s_diploma/5_interfacing/2_embedded_c/4_software/1_ide/sdk_win_64/sdk_win_64/winavr/bin/../lib/gcc/avr/4.3.3/avr5\libgcc.a(_exit.o)
 *(.fini0)
                0x000006ba                _etext = .

.data           0x00800060        0x0 load address 0x000006ba
                0x00800060                PROVIDE (__data_start, .)
 *(.data)
 .data          0x00800060        0x0 d:/e_s_diploma/5_interfacing/2_embedded_c/4_software/1_ide/sdk_win_64/sdk_win_64/winavr/bin/../lib/gcc/avr/4.3.3/../../../../avr/lib/avr5/crtm32.o
 .data          0x00800060        0x0 ./MCAL/WDT/WDT_Prog.o
 .data          0x00800060        0x0 ./MCAL/UART/UART_Prog.o
 .data          0x00800060        0x0 ./MCAL/Timer/Timer_Prog.o
 .data          0x00800060        0x0 ./MCAL/I2C/I2C_Prog.o
 .data          0x00800060        0x0 ./MCAL/GIE/GIE_Prog.o
 .data          0x00800060        0x0 ./MCAL/EXINT/EXINT_Prog.o
 .data          0x00800060        0x0 ./MCAL/DIO/DIO_Prog.o
 .data          0x00800060        0x0 ./MCAL/ADC/ADC_Prog.o
 .data          0x00800060        0x0 ./HAL/SSD/SSD_Prog.o
 .data          0x00800060        0x0 ./HAL/Relay/Relay_Prog.o
 .data          0x00800060        0x0 ./HAL/PushButton/PushButton_Prog.o
 .data          0x00800060        0x0 ./HAL/LED/LED_Prog.o
 .data          0x00800060        0x0 ./HAL/LDR/LDR_Prog.o
 .data          0x00800060        0x0 ./HAL/LCD/LCD_Prog.o
 .data          0x00800060        0x0 ./HAL/Keypad/Keypad_Prog.o
 .data          0x00800060        0x0 ./HAL/Buzzer/Buzzer_Prog.o
 .data          0x00800060        0x0 ./APP/Projects/Projects_Prog.o
 .data          0x00800060        0x0 d:/e_s_diploma/5_interfacing/2_embedded_c/4_software/1_ide/sdk_win_64/sdk_win_64/winavr/bin/../lib/gcc/avr/4.3.3/avr5\libgcc.a(_udivmodqi4.o)
 .data          0x00800060        0x0 d:/e_s_diploma/5_interfacing/2_embedded_c/4_software/1_ide/sdk_win_64/sdk_win_64/winavr/bin/../lib/gcc/avr/4.3.3/avr5\libgcc.a(_exit.o)
 *(.data*)
 *(.rodata)
 *(.rodata*)
 *(.gnu.linkonce.d*)
                0x00800060                . = ALIGN (0x2)
                0x00800060                _edata = .
                0x00800060                PROVIDE (__data_end, .)

.bss            0x00800060        0x0
                0x00800060                PROVIDE (__bss_start, .)
 *(.bss)
 .bss           0x00800060        0x0 d:/e_s_diploma/5_interfacing/2_embedded_c/4_software/1_ide/sdk_win_64/sdk_win_64/winavr/bin/../lib/gcc/avr/4.3.3/../../../../avr/lib/avr5/crtm32.o
 .bss           0x00800060        0x0 ./MCAL/WDT/WDT_Prog.o
 .bss           0x00800060        0x0 ./MCAL/UART/UART_Prog.o
 .bss           0x00800060        0x0 ./MCAL/Timer/Timer_Prog.o
 .bss           0x00800060        0x0 ./MCAL/I2C/I2C_Prog.o
 .bss           0x00800060        0x0 ./MCAL/GIE/GIE_Prog.o
 .bss           0x00800060        0x0 ./MCAL/EXINT/EXINT_Prog.o
 .bss           0x00800060        0x0 ./MCAL/DIO/DIO_Prog.o
 .bss           0x00800060        0x0 ./MCAL/ADC/ADC_Prog.o
 .bss           0x00800060        0x0 ./HAL/SSD/SSD_Prog.o
 .bss           0x00800060        0x0 ./HAL/Relay/Relay_Prog.o
 .bss           0x00800060        0x0 ./HAL/PushButton/PushButton_Prog.o
 .bss           0x00800060        0x0 ./HAL/LED/LED_Prog.o
 .bss           0x00800060        0x0 ./HAL/LDR/LDR_Prog.o
 .bss           0x00800060        0x0 ./HAL/LCD/LCD_Prog.o
 .bss           0x00800060        0x0 ./HAL/Keypad/Keypad_Prog.o
 .bss           0x00800060        0x0 ./HAL/Buzzer/Buzzer_Prog.o
 .bss           0x00800060        0x0 ./APP/Projects/Projects_Prog.o
 .bss           0x00800060        0x0 d:/e_s_diploma/5_interfacing/2_embedded_c/4_software/1_ide/sdk_win_64/sdk_win_64/winavr/bin/../lib/gcc/avr/4.3.3/avr5\libgcc.a(_udivmodqi4.o)
 .bss           0x00800060        0x0 d:/e_s_diploma/5_interfacing/2_embedded_c/4_software/1_ide/sdk_win_64/sdk_win_64/winavr/bin/../lib/gcc/avr/4.3.3/avr5\libgcc.a(_exit.o)
 *(.bss*)
 *(COMMON)
                0x00800060                PROVIDE (__bss_end, .)
                0x000006ba                __data_load_start = LOADADDR (.data)
                0x000006ba                __data_load_end = (__data_load_start + SIZEOF (.data))

.noinit         0x00800060        0x0
                0x00800060                PROVIDE (__noinit_start, .)
 *(.noinit*)
                0x00800060                PROVIDE (__noinit_end, .)
                0x00800060                _end = .
                0x00800060                PROVIDE (__heap_start, .)

.eeprom         0x00810000        0x0
 *(.eeprom*)
                0x00810000                __eeprom_end = .

.fuse
 *(.fuse)
 *(.lfuse)
 *(.hfuse)
 *(.efuse)

.lock
 *(.lock*)

.signature
 *(.signature*)

.stab           0x00000000     0x19bc
 *(.stab)
 .stab          0x00000000       0xe4 ./MCAL/WDT/WDT_Prog.o
 .stab          0x000000e4       0xd8 ./MCAL/UART/UART_Prog.o
                                 0xe4 (size before relaxing)
 .stab          0x000001bc       0xd8 ./MCAL/Timer/Timer_Prog.o
                                 0xe4 (size before relaxing)
 .stab          0x00000294       0xd8 ./MCAL/I2C/I2C_Prog.o
                                 0xe4 (size before relaxing)
 .stab          0x0000036c       0xd8 ./MCAL/GIE/GIE_Prog.o
                                 0xe4 (size before relaxing)
 .stab          0x00000444       0xd8 ./MCAL/EXINT/EXINT_Prog.o
                                 0xe4 (size before relaxing)
 .stab          0x0000051c      0x588 ./MCAL/DIO/DIO_Prog.o
                                0x594 (size before relaxing)
 .stab          0x00000aa4       0xd8 ./MCAL/ADC/ADC_Prog.o
                                 0xe4 (size before relaxing)
 .stab          0x00000b7c       0xd8 ./HAL/SSD/SSD_Prog.o
                                 0xe4 (size before relaxing)
 .stab          0x00000c54       0xd8 ./HAL/Relay/Relay_Prog.o
                                 0xe4 (size before relaxing)
 .stab          0x00000d2c       0xd8 ./HAL/PushButton/PushButton_Prog.o
                                 0xe4 (size before relaxing)
 .stab          0x00000e04      0x6fc ./HAL/LED/LED_Prog.o
                                0x768 (size before relaxing)
 .stab          0x00001500       0xd8 ./HAL/LDR/LDR_Prog.o
                                 0xe4 (size before relaxing)
 .stab          0x000015d8       0xd8 ./HAL/LCD/LCD_Prog.o
                                 0xe4 (size before relaxing)
 .stab          0x000016b0       0xd8 ./HAL/Keypad/Keypad_Prog.o
                                 0xe4 (size before relaxing)
 .stab          0x00001788       0xd8 ./HAL/Buzzer/Buzzer_Prog.o
                                 0xe4 (size before relaxing)
 .stab          0x00001860      0x15c ./APP/Projects/Projects_Prog.o
                                0x354 (size before relaxing)

.stabstr        0x00000000      0xbbc
 *(.stabstr)
 .stabstr       0x00000000      0xbbc ./MCAL/WDT/WDT_Prog.o

.stab.excl
 *(.stab.excl)

.stab.exclstr
 *(.stab.exclstr)

.stab.index
 *(.stab.index)

.stab.indexstr
 *(.stab.indexstr)

.comment
 *(.comment)

.debug
 *(.debug)

.line
 *(.line)

.debug_srcinfo
 *(.debug_srcinfo)

.debug_sfnames
 *(.debug_sfnames)

.debug_aranges
 *(.debug_aranges)

.debug_pubnames
 *(.debug_pubnames)

.debug_info
 *(.debug_info)
 *(.gnu.linkonce.wi.*)

.debug_abbrev
 *(.debug_abbrev)

.debug_line
 *(.debug_line)

.debug_frame
 *(.debug_frame)

.debug_str
 *(.debug_str)

.debug_loc
 *(.debug_loc)

.debug_macinfo
 *(.debug_macinfo)
OUTPUT(NTI_CCGroup.elf elf32-avr)
LOAD linker stubs
